\BOOKMARK [0][-]{chapter*.2}{\376\377\000R\000e\000s\000u\000m\000e\000n}{}% 1
\BOOKMARK [0][-]{chapter*.4}{\376\377\000O\000D\000S}{}% 2
\BOOKMARK [1][-]{section*.5}{\376\377\000O\000D\000S\000\040\0004\000:\000\040\000E\000d\000u\000c\000a\000c\000i\000\363\000n\000\040\000d\000e\000\040\000c\000a\000l\000i\000d\000a\000d}{chapter*.4}% 3
\BOOKMARK [1][-]{section*.6}{\376\377\000O\000D\000S\000\040\0003\000:\000\040\000S\000a\000l\000u\000d\000\040\000y\000\040\000b\000i\000e\000n\000e\000s\000t\000a\000r}{chapter*.4}% 4
\BOOKMARK [0][-]{chapter*.7}{\376\377\000\315\000n\000d\000i\000c\000e\000\040\000g\000e\000n\000e\000r\000a\000l}{}% 5
\BOOKMARK [0][-]{chapter*.8}{\376\377\000\315\000n\000d\000i\000c\000e\000\040\000d\000e\000\040\000f\000i\000g\000u\000r\000a\000s}{}% 6
\BOOKMARK [0][-]{chapter*.9}{\376\377\000\315\000n\000d\000i\000c\000e\000\040\000d\000e\000\040\000c\000u\000a\000d\000r\000o\000s}{}% 7
\BOOKMARK [0][-]{chapter.1}{\376\377\000P\000l\000a\000n\000i\000f\000i\000c\000a\000c\000i\000\363\000n}{}% 8
\BOOKMARK [1][-]{section.1.1}{\376\377\000O\000b\000j\000e\000t\000i\000v\000o\000s}{chapter.1}% 9
\BOOKMARK [1][-]{section.1.2}{\376\377\000A\000l\000c\000a\000n\000c\000e}{chapter.1}% 10
\BOOKMARK [1][-]{section.1.3}{\376\377\000C\000r\000o\000n\000o\000g\000r\000a\000m\000a}{chapter.1}% 11
\BOOKMARK [1][-]{section.1.4}{\376\377\000D\000e\000s\000v\000i\000a\000c\000i\000o\000n\000e\000s\000\040\000r\000e\000s\000p\000e\000c\000t\000o\000\040\000a\000\040\000l\000a\000\040\000p\000l\000a\000n\000i\000f\000i\000c\000a\000c\000i\000\363\000n\000\040\000i\000n\000i\000c\000i\000a\000l}{chapter.1}% 12
\BOOKMARK [2][-]{section*.12}{\376\377\000I\000n\000c\000i\000d\000e\000n\000c\000i\000a\000s\000\040\000p\000o\000r\000\040\000c\000o\000m\000p\000l\000e\000j\000i\000d\000a\000d\000\040\000d\000e\000\040\000l\000a\000\040\000i\000m\000p\000l\000e\000m\000e\000n\000t\000a\000c\000i\000\363\000n}{section.1.4}% 13
\BOOKMARK [3][-]{section*.13}{\376\377\000I\000n\000c\000i\000d\000e\000n\000c\000i\000a\000s\000\040\000e\000n\000\040\000l\000a\000\040\000v\000a\000l\000i\000d\000a\000c\000i\000\363\000n\000\040\000e\000x\000p\000e\000r\000i\000m\000e\000n\000t\000a\000l}{section*.12}% 14
\BOOKMARK [3][-]{section*.14}{\376\377\000I\000n\000c\000i\000d\000e\000n\000c\000i\000a\000s\000\040\000e\000n\000\040\000e\000l\000\040\000e\000n\000t\000r\000e\000n\000a\000m\000i\000e\000n\000t\000o}{section*.12}% 15
\BOOKMARK [3][-]{section*.15}{\376\377\000I\000n\000c\000i\000d\000e\000n\000c\000i\000a\000s\000\040\000p\000o\000r\000\040\000c\000o\000s\000t\000e\000\040\000c\000o\000m\000p\000u\000t\000a\000c\000i\000o\000n\000a\000l}{section*.12}% 16
\BOOKMARK [3][-]{section*.16}{\376\377\000I\000m\000p\000a\000c\000t\000o\000\040\000s\000o\000b\000r\000e\000\040\000l\000a\000\040\000p\000l\000a\000n\000i\000f\000i\000c\000a\000c\000i\000\363\000n}{section*.12}% 17
\BOOKMARK [3][-]{section*.17}{\376\377\000M\000e\000d\000i\000d\000a\000s\000\040\000c\000o\000r\000r\000e\000c\000t\000o\000r\000a\000s}{section*.12}% 18
\BOOKMARK [0][-]{chapter.2}{\376\377\000H\000e\000r\000r\000a\000m\000i\000e\000n\000t\000a\000s\000\040\000u\000t\000i\000l\000i\000z\000a\000d\000a\000s}{}% 19
\BOOKMARK [1][-]{section.2.1}{\376\377\000P\000y\000t\000h\000o\000n}{chapter.2}% 20
\BOOKMARK [1][-]{section.2.2}{\376\377\000A\000n\000a\000c\000o\000n\000d\000a}{chapter.2}% 21
\BOOKMARK [1][-]{section.2.3}{\376\377\000L\000i\000b\000r\000o\000s\000a}{chapter.2}% 22
\BOOKMARK [1][-]{section.2.4}{\376\377\000M\000a\000t\000p\000l\000o\000t\000l\000i\000b}{chapter.2}% 23
\BOOKMARK [1][-]{section.2.5}{\376\377\000I\000g\000n\000i\000t\000e}{chapter.2}% 24
\BOOKMARK [1][-]{section.2.6}{\376\377\000N\000u\000s\000s\000l}{chapter.2}% 25
\BOOKMARK [1][-]{section.2.7}{\376\377\000O\000v\000e\000r\000l\000e\000a\000f}{chapter.2}% 26
\BOOKMARK [1][-]{section.2.8}{\376\377\000P\000y\000t\000o\000r\000c\000h}{chapter.2}% 27
\BOOKMARK [1][-]{section.2.9}{\376\377\000S\000t\000r\000e\000a\000m\000l\000i\000t}{chapter.2}% 28
\BOOKMARK [1][-]{section.2.10}{\376\377\000T\000o\000r\000c\000h\000a\000u\000d\000i\000o}{chapter.2}% 29
\BOOKMARK [0][-]{chapter.3}{\376\377\000M\000a\000r\000c\000o\000\040\000t\000e\000\363\000r\000i\000c\000o}{}% 30
\BOOKMARK [1][-]{section.3.1}{\376\377\000S\000o\000n\000i\000d\000o\000s\000\040\000y\000\040\000s\000e\000\361\000a\000l\000e\000s}{chapter.3}% 31
\BOOKMARK [2][-]{section*.18}{\376\377\000N\000a\000t\000u\000r\000a\000l\000e\000z\000a\000\040\000d\000e\000l\000\040\000s\000o\000n\000i\000d\000o}{section.3.1}% 32
\BOOKMARK [2][-]{section*.20}{\376\377\000D\000o\000m\000i\000n\000i\000o\000\040\000t\000i\000e\000m\000p\000o\000\040\000f\000r\000e\000c\000u\000e\000n\000c\000i\000a}{section.3.1}% 33
\BOOKMARK [3][-]{section*.21}{\376\377\000M\000a\000g\000n\000i\000t\000u\000d\000\040\000y\000\040\000f\000a\000s\000e}{section*.20}% 34
\BOOKMARK [3][-]{section*.22}{\376\377\000S\000e\000\361\000a\000l\000e\000s\000\040\000m\000o\000n\000o\000\040\000y\000\040\000e\000s\000t\000\351\000r\000e\000o}{section*.20}% 35
\BOOKMARK [3][-]{section*.24}{\376\377\000S\000T\000F\000T\000s\000\040\000\050\000\040\000S\000h\000o\000r\000t\000-\000T\000i\000m\000e\000\040\000F\000o\000u\000r\000i\000e\000r\000\040\000T\000r\000a\000n\000s\000f\000o\000r\000m\000s\000\040\000/\000\040\000T\000r\000a\000n\000s\000f\000o\000r\000m\000a\000d\000a\000\040\000d\000e\000\040\000F\000o\000u\000r\000i\000e\000r\000\040\000d\000e\000\040\000t\000i\000e\000m\000p\000o\000\040\000c\000o\000r\000t\000o\000\040\000\051}{section*.20}% 36
\BOOKMARK [3][-]{section*.26}{\376\377\000E\000s\000p\000e\000c\000t\000r\000o\000g\000r\000a\000m\000a\000s}{section*.20}% 37
\BOOKMARK [2][-]{section*.28}{\376\377\000M\000e\000z\000c\000l\000a\000\040\000d\000e\000\040\000s\000e\000\361\000a\000l\000e\000s\000\040\000y\000\040\000s\000e\000p\000a\000r\000a\000c\000i\000\363\000n\000\040\000d\000e\000\040\000f\000u\000e\000n\000t\000e\000s}{section.3.1}% 38
\BOOKMARK [3][-]{section*.29}{\376\377\000M\000e\000z\000c\000l\000a\000s\000\040\000l\000i\000n\000e\000a\000l\000e\000s}{section*.28}% 39
\BOOKMARK [3][-]{section*.30}{\376\377\000M\000e\000z\000c\000l\000a\000s\000\040\000c\000o\000h\000e\000r\000e\000n\000t\000e\000s\000\040\000e\000\040\000i\000n\000c\000o\000h\000e\000r\000e\000n\000t\000e\000s}{section*.28}% 40
\BOOKMARK [3][-]{section*.31}{\376\377\000S\000e\000p\000a\000r\000a\000c\000i\000\363\000n\000\040\000c\000i\000e\000g\000a\000\040\000d\000e\000\040\000f\000u\000e\000n\000t\000e\000s}{section*.28}% 41
\BOOKMARK [2][-]{section*.32}{\376\377\000R\000e\000p\000r\000e\000s\000e\000n\000t\000a\000c\000i\000o\000n\000e\000s\000\040\000d\000i\000g\000i\000t\000a\000l\000e\000s}{section.3.1}% 42
\BOOKMARK [3][-]{section*.33}{\376\377\000F\000o\000r\000m\000a\000t\000o\000s\000\040\000d\000e\000l\000\040\000a\000u\000d\000i\000o}{section*.32}% 43
\BOOKMARK [3][-]{section*.35}{\376\377\000M\000u\000e\000s\000t\000r\000e\000o\000\040\000y\000\040\000c\000u\000a\000n\000t\000i\000z\000a\000c\000i\000\363\000n}{section*.32}% 44
\BOOKMARK [3][-]{section*.36}{\376\377\000T\000a\000s\000a\000\040\000d\000e\000\040\000m\000u\000e\000s\000t\000r\000e\000o}{section*.32}% 45
\BOOKMARK [1][-]{section.3.2}{\376\377\000A\000p\000r\000e\000n\000d\000i\000z\000a\000j\000e\000\040\000a\000u\000t\000o\000m\000\341\000t\000i\000c\000o}{chapter.3}% 46
\BOOKMARK [2][-]{section*.37}{\376\377\000C\000o\000n\000c\000e\000p\000t\000o\000s\000\040\000f\000u\000n\000d\000a\000m\000e\000n\000t\000a\000l\000e\000s}{section.3.2}% 47
\BOOKMARK [3][-]{section*.38}{\376\377\000A\000p\000r\000e\000n\000d\000i\000z\000a\000j\000e\000\040\000s\000u\000p\000e\000r\000v\000i\000s\000a\000d\000o\000\040\000v\000s\000\040\000n\000o\000\040\000s\000u\000p\000e\000r\000v\000i\000s\000a\000d\000o}{section*.37}% 48
\BOOKMARK [3][-]{section*.40}{\376\377\000O\000v\000e\000r\000f\000i\000t\000t\000i\000n\000g\000,\000\040\000u\000n\000d\000e\000r\000f\000i\000t\000t\000i\000n\000g\000\040\000y\000\040\000g\000e\000n\000e\000r\000a\000l\000i\000z\000a\000c\000i\000\363\000n}{section*.37}% 49
\BOOKMARK [3][-]{section*.41}{\376\377\000D\000a\000t\000a\000s\000e\000t}{section*.37}% 50
\BOOKMARK [2][-]{section*.42}{\376\377\000R\000N\000N\000s\000\040\000a\000r\000t\000i\000f\000i\000c\000i\000a\000l\000e\000s}{section.3.2}% 51
\BOOKMARK [3][-]{section*.43}{\376\377\000T\000i\000p\000o\000s\000\040\000d\000e\000\040\000r\000e\000d\000e\000s}{section*.42}% 52
\BOOKMARK [3][-]{section*.45}{\376\377\000O\000p\000t\000i\000m\000i\000z\000a\000c\000i\000\363\000n\000\040\000y\000\040\000d\000e\000s\000c\000e\000n\000s\000o\000\040\000d\000e\000\040\000g\000r\000a\000d\000i\000e\000n\000t\000e}{section*.42}% 53
\BOOKMARK [3][-]{section*.47}{\376\377\000N\000e\000u\000r\000o\000n\000a\000s\000,\000\040\000c\000a\000p\000a\000s\000\040\000y\000\040\000f\000u\000n\000c\000i\000o\000n\000e\000s\000\040\000d\000e\000\040\000a\000c\000t\000i\000v\000a\000c\000i\000\363\000n\000\040\000y\000\040\000p\000\351\000r\000d\000i\000d\000a}{section*.42}% 54
\BOOKMARK [2][-]{section*.48}{\376\377\000T\000\351\000c\000n\000i\000c\000a\000s\000\040\000d\000e\000\040\000e\000v\000a\000l\000u\000a\000c\000i\000\363\000n\000\040\000y\000\040\000m\000\351\000t\000r\000i\000c\000a\000s\000\040\000u\000t\000i\000l\000i\000z\000a\000d\000a\000s}{section.3.2}% 55
\BOOKMARK [3][-]{section*.49}{\376\377\000F\000u\000n\000c\000i\000o\000n\000e\000s\000\040\000d\000e\000\040\000p\000\351\000r\000d\000i\000d\000a}{section*.48}% 56
\BOOKMARK [3][-]{section*.50}{\376\377\000D\000a\000t\000a\000\040\000a\000u\000g\000m\000e\000n\000t\000a\000t\000i\000o\000n}{section*.48}% 57
\BOOKMARK [3][-]{section*.51}{\376\377\000M\000\351\000t\000r\000i\000c\000a\000s\000\040\000d\000e\000\040\000e\000v\000a\000l\000u\000a\000c\000i\000\363\000n}{section*.48}% 58
\BOOKMARK [2][-]{section*.53}{\376\377\000E\000s\000t\000a\000d\000o\000\040\000d\000e\000l\000\040\000a\000r\000t\000e}{section.3.2}% 59
\BOOKMARK [0][-]{chapter.4}{\376\377\000E\000s\000t\000a\000d\000o\000\040\000d\000e\000l\000\040\000a\000r\000t\000e}{}% 60
\BOOKMARK [1][-]{section.4.1}{\376\377\000S\000e\000p\000a\000r\000a\000c\000i\000\363\000n\000\040\000d\000e\000\040\000f\000u\000e\000n\000t\000e\000s\000\040\000m\000u\000s\000i\000c\000a\000l\000e\000s}{chapter.4}% 61
\BOOKMARK [1][-]{section.4.2}{\376\377\000M\000\351\000t\000o\000d\000o\000s\000\040\000c\000l\000\341\000s\000i\000c\000o\000s\000\040\000b\000a\000s\000a\000d\000o\000s\000\040\000e\000n\000\040\000p\000r\000o\000c\000e\000s\000a\000d\000o\000\040\000d\000e\000\040\000s\000e\000\361\000a\000l}{chapter.4}% 62
\BOOKMARK [1][-]{section.4.3}{\376\377\000F\000u\000n\000c\000i\000o\000n\000e\000s\000\040\000d\000e\000\040\000p\000\351\000r\000d\000i\000d\000a\000\040\000e\000n\000\040\000s\000e\000p\000a\000r\000a\000c\000i\000\363\000n\000\040\000m\000u\000s\000i\000c\000a\000l}{chapter.4}% 63
\BOOKMARK [1][-]{section.4.4}{\376\377\000H\000e\000r\000r\000a\000m\000i\000e\000n\000t\000a\000s\000\040\000y\000\040\000t\000e\000c\000n\000o\000l\000o\000g\000\355\000a\000s\000\040\000a\000c\000t\000u\000a\000l\000e\000s}{chapter.4}% 64
\BOOKMARK [1][-]{section.4.5}{\376\377\000P\000o\000s\000i\000c\000i\000o\000n\000a\000m\000i\000e\000n\000t\000o\000\040\000d\000e\000l\000\040\000t\000r\000a\000b\000a\000j\000o}{chapter.4}% 65
\BOOKMARK [0][-]{chapter.5}{\376\377\000P\000a\000r\000t\000e\000\040\0001\000\040\000:\000\040\000s\000e\000p\000a\000r\000a\000c\000i\000\363\000n\000\040\000d\000e\000\040\000f\000u\000e\000n\000t\000e\000s}{}% 66
\BOOKMARK [1][-]{section.5.1}{\376\377\000D\000i\000s\000e\000\361\000o\000\040\000d\000e\000l\000\040\000m\000o\000d\000e\000l\000o}{chapter.5}% 67
\BOOKMARK [1][-]{section.5.2}{\376\377\000A\000r\000q\000u\000i\000t\000e\000c\000t\000u\000r\000a\000\040\000b\000a\000s\000e}{chapter.5}% 68
\BOOKMARK [1][-]{section.5.3}{\376\377\000M\000o\000d\000i\000f\000i\000c\000a\000c\000i\000o\000n\000e\000s\000\040\000p\000r\000o\000p\000u\000e\000s\000t\000a\000s}{chapter.5}% 69
\BOOKMARK [2][-]{section*.55}{\376\377\000A\000r\000q\000u\000i\000t\000e\000c\000t\000u\000r\000a\000\040\000y\000\040\000p\000a\000r\000\341\000m\000e\000t\000r\000o\000s}{section.5.3}% 70
\BOOKMARK [2][-]{section*.57}{\376\377\000F\000u\000n\000c\000i\000\363\000n\000\040\000d\000e\000\040\000p\000\351\000r\000d\000i\000d\000a\000:\000\040\000D\000e\000e\000p\000-\000f\000e\000a\000t\000u\000r\000e\000-\000E\000M\000D}{section.5.3}% 71
\BOOKMARK [1][-]{section.5.4}{\376\377\000C\000o\000n\000f\000i\000g\000u\000r\000a\000c\000i\000\363\000n\000\040\000d\000e\000\040\000e\000n\000t\000r\000e\000n\000a\000m\000i\000e\000n\000t\000o}{chapter.5}% 72
\BOOKMARK [2][-]{section*.58}{\376\377\000I\000n\000p\000u\000t\000s\000\040\000y\000\040\000t\000a\000r\000g\000e\000t\000s}{section.5.4}% 73
\BOOKMARK [2][-]{section*.59}{\376\377\000T\000F\000M\000s\000\040\000a\000p\000l\000i\000c\000a\000d\000a\000s}{section.5.4}% 74
\BOOKMARK [2][-]{section*.60}{\376\377\000D\000a\000t\000a\000\040\000a\000u\000g\000m\000e\000n\000t\000a\000t\000i\000o\000n}{section.5.4}% 75
\BOOKMARK [2][-]{section*.61}{\376\377\000P\000r\000e\000p\000r\000o\000c\000e\000s\000a\000d\000o\000\040\000d\000e\000\040\000u\000n\000\040\000d\000a\000t\000a\000s\000e\000t}{section.5.4}% 76
\BOOKMARK [1][-]{section.5.5}{\376\377\000E\000n\000t\000r\000e\000n\000a\000m\000i\000e\000n\000t\000o\000\040\000d\000e\000l\000\040\000m\000o\000d\000e\000l\000o}{chapter.5}% 77
\BOOKMARK [2][-]{section*.62}{\376\377\000R\000e\000s\000u\000l\000t\000a\000d\000o\000s\000\040\000p\000r\000e\000l\000i\000m\000i\000n\000a\000r\000e\000s\000\040\000y\000\040\000e\000x\000p\000e\000r\000i\000m\000e\000n\000t\000a\000l\000e\000s}{section.5.5}% 78
\BOOKMARK [2][-]{section*.63}{\376\377\000C\000o\000m\000p\000a\000r\000a\000t\000i\000v\000a\000s}{section.5.5}% 79
\BOOKMARK [2][-]{section*.65}{\376\377\000R\000e\000e\000n\000t\000r\000e\000n\000a\000m\000i\000e\000n\000t\000o\000\040\000V\0002}{section.5.5}% 80
\BOOKMARK [2][-]{section*.66}{\376\377\000R\000e\000e\000n\000t\000r\000e\000n\000a\000m\000i\000e\000n\000t\000o\000\040\000V\0003\000\040\000y\000\040\000p\000r\000o\000t\000o\000c\000o\000l\000o\000\040\000f\000i\000n\000a\000l}{section.5.5}% 81
\BOOKMARK [0][-]{chapter.6}{\376\377\000P\000a\000r\000t\000e\000\040\0002\000\040\000:\000\040\000i\000n\000t\000e\000r\000f\000a\000z}{}% 82
\BOOKMARK [1][-]{section.6.1}{\376\377\000O\000b\000j\000e\000t\000i\000v\000o\000s}{chapter.6}% 83
\BOOKMARK [2][-]{section*.67}{\376\377\000I\000n\000t\000e\000r\000a\000c\000c\000i\000\363\000n\000\040\000y\000\040\000a\000p\000r\000e\000n\000d\000i\000z\000a\000j\000e}{section.6.1}% 84
\BOOKMARK [1][-]{section.6.2}{\376\377\000D\000i\000s\000e\000\361\000o\000\040\000d\000e\000\040\000e\000x\000p\000e\000r\000i\000e\000n\000c\000i\000a\000\040\000d\000e\000\040\000u\000s\000u\000a\000r\000i\000o}{chapter.6}% 85
\BOOKMARK [2][-]{section*.68}{\376\377\000O\000r\000g\000a\000n\000i\000z\000a\000c\000i\000\363\000n\000\040\000y\000\040\000v\000i\000s\000u\000a\000l\000i\000z\000a\000c\000i\000\363\000n}{section.6.2}% 86
\BOOKMARK [2][-]{section*.69}{\376\377\000E\000x\000p\000l\000i\000c\000a\000c\000i\000o\000n\000e\000s\000\040\000y\000\040\000g\000u\000\355\000a\000s}{section.6.2}% 87
\BOOKMARK [1][-]{section.6.3}{\376\377\000C\000a\000s\000o\000s\000\040\000d\000e\000\040\000u\000s\000o}{chapter.6}% 88
\BOOKMARK [2][-]{section*.70}{\376\377\000E\000n\000t\000r\000e\000n\000a\000m\000i\000e\000n\000t\000o\000\040\000p\000a\000r\000a\000m\000e\000t\000r\000i\000z\000a\000b\000l\000e}{section.6.3}% 89
\BOOKMARK [2][-]{section*.71}{\376\377\000P\000a\000r\000\341\000m\000e\000t\000r\000o\000s\000\040\000p\000r\000i\000n\000c\000i\000p\000a\000l\000e\000s\000\040\000a\000j\000u\000s\000t\000a\000b\000l\000e\000s}{section.6.3}% 90
\BOOKMARK [2][-]{section*.72}{\376\377\000V\000i\000s\000u\000a\000l\000i\000z\000a\000c\000i\000\363\000n\000\040\000d\000e\000\040\000g\000r\000\341\000f\000i\000c\000o\000s\000\040\000y\000\040\000e\000s\000p\000e\000c\000t\000r\000o\000g\000r\000a\000m\000a\000s}{section.6.3}% 91
\BOOKMARK [2][-]{section*.73}{\376\377\000F\000e\000e\000d\000b\000a\000c\000k}{section.6.3}% 92
\BOOKMARK [0][-]{chapter.7}{\376\377\000I\000n\000t\000e\000g\000r\000a\000c\000i\000\363\000n\000\040\000d\000e\000l\000\040\000s\000i\000s\000t\000e\000m\000a}{}% 93
\BOOKMARK [1][-]{section*.74}{\376\377\000B\000a\000c\000k\000e\000n\000d}{chapter.7}% 94
\BOOKMARK [2][-]{section*.75}{\376\377\000C\000o\000m\000u\000n\000i\000c\000a\000c\000i\000\363\000n\000\040\000e\000n\000t\000r\000e\000\040\000m\000\363\000d\000u\000l\000o\000s}{section*.74}% 95
\BOOKMARK [2][-]{section*.76}{\376\377\000I\000n\000c\000i\000d\000e\000n\000c\000i\000a\000s\000\040\000d\000e\000\040\000i\000n\000t\000e\000g\000r\000a\000c\000i\000\363\000n\000\040\000y\000\040\000d\000e\000p\000u\000r\000a\000c\000i\000\363\000n}{section*.74}% 96
\BOOKMARK [0][-]{chapter.8}{\376\377\000E\000v\000a\000l\000u\000a\000c\000i\000\363\000n\000\040\000d\000e\000l\000\040\000s\000i\000s\000t\000e\000m\000a}{}% 97
\BOOKMARK [1][-]{section*.77}{\376\377\000M\000\351\000t\000r\000i\000c\000a\000s\000\040\000u\000t\000i\000l\000i\000z\000a\000d\000a\000s}{chapter.8}% 98
\BOOKMARK [2][-]{section*.78}{\376\377\000V\000a\000l\000i\000d\000a\000c\000i\000\363\000n\000\040\000d\000e\000l\000\040\000p\000i\000p\000e\000l\000i\000n\000e\000\040\000d\000e\000\040\000e\000v\000a\000l\000u\000a\000c\000i\000\363\000n}{section*.77}% 99
\BOOKMARK [2][-]{section*.79}{\376\377\000R\000e\000s\000u\000l\000t\000a\000d\000o\000s\000\040\000o\000b\000t\000e\000n\000i\000d\000o\000s}{section*.77}% 100
\BOOKMARK [2][-]{section*.82}{\376\377\000D\000i\000s\000c\000u\000s\000i\000\363\000n\000\040\000y\000\040\000a\000n\000\341\000l\000i\000s\000i\000s}{section*.77}% 101
\BOOKMARK [2][-]{section*.83}{\376\377\000L\000i\000m\000i\000t\000a\000c\000i\000o\000n\000e\000s\000\040\000y\000\040\000m\000a\000r\000g\000e\000n\000\040\000d\000e\000\040\000m\000e\000j\000o\000r\000a}{section*.77}% 102
\BOOKMARK [0][-]{chapter.9}{\376\377\000C\000o\000n\000c\000l\000u\000s\000i\000o\000n\000e\000s\000\040\000y\000\040\000t\000r\000a\000b\000a\000j\000o\000\040\000f\000u\000t\000u\000r\000o}{}% 103
\BOOKMARK [1][-]{section*.84}{\376\377\000S\000\355\000n\000t\000e\000s\000i\000s\000\040\000d\000e\000l\000\040\000t\000r\000a\000b\000a\000j\000o\000\040\000r\000e\000a\000l\000i\000z\000a\000d\000o}{chapter.9}% 104
\BOOKMARK [2][-]{section*.85}{\376\377\000L\000i\000n\000e\000a\000s\000\040\000d\000e\000\040\000m\000e\000j\000o\000r\000a}{section*.84}% 105
\BOOKMARK [2][-]{section*.86}{\376\377\000T\000r\000a\000b\000a\000j\000o\000\040\000f\000u\000t\000u\000r\000o}{section*.84}% 106
\BOOKMARK [0][-]{chapter.10}{\376\377\000A\000n\000e\000x\000o\000s}{}% 107
\BOOKMARK [1][-]{section*.87}{\376\377\000C\000\363\000d\000i\000g\000o\000\040\000r\000e\000l\000e\000v\000a\000n\000t\000e}{chapter.10}% 108
\BOOKMARK [2][-]{section*.88}{\376\377\000R\000e\000g\000i\000s\000t\000r\000o\000\040\000d\000e\000\040\000i\000n\000c\000i\000d\000e\000n\000c\000i\000a\000s\000\040\000t\000\351\000c\000n\000i\000c\000a\000s}{section*.87}% 109
\BOOKMARK [2][-]{section*.89}{\376\377\000C\000o\000n\000f\000i\000g\000u\000r\000a\000c\000i\000o\000n\000e\000s}{section*.87}% 110
\BOOKMARK [2][-]{section*.90}{\376\377\000I\000n\000s\000t\000r\000u\000c\000c\000i\000o\000n\000e\000s\000\040\000p\000o\000s\000i\000b\000l\000e\000s}{section*.87}% 111
\BOOKMARK [2][-]{section*.91}{\376\377\000R\000e\000s\000u\000l\000t\000a\000d\000o\000s\000\040\000a\000d\000i\000c\000i\000o\000n\000a\000l\000e\000s}{section*.87}% 112
\BOOKMARK [0][-]{section*.95}{\376\377\000B\000i\000b\000l\000i\000o\000g\000r\000a\000f\000\355\000a}{}% 113
