\BOOKMARK [0][-]{chapter*.2}{\376\377\000R\000e\000s\000u\000m\000e\000n}{}% 1
\BOOKMARK [0][-]{chapter*.4}{\376\377\000O\000D\000S}{}% 2
\BOOKMARK [1][-]{section*.5}{\376\377\000O\000D\000S\000\040\0004\000:\000\040\000E\000d\000u\000c\000a\000c\000i\000\363\000n\000\040\000d\000e\000\040\000c\000a\000l\000i\000d\000a\000d}{chapter*.4}% 3
\BOOKMARK [1][-]{section*.6}{\376\377\000O\000D\000S\000\040\0003\000:\000\040\000S\000a\000l\000u\000d\000\040\000y\000\040\000b\000i\000e\000n\000e\000s\000t\000a\000r}{chapter*.4}% 4
\BOOKMARK [0][-]{chapter*.7}{\376\377\000\315\000n\000d\000i\000c\000e\000\040\000g\000e\000n\000e\000r\000a\000l}{}% 5
\BOOKMARK [0][-]{chapter*.8}{\376\377\000\315\000n\000d\000i\000c\000e\000\040\000d\000e\000\040\000f\000i\000g\000u\000r\000a\000s}{}% 6
\BOOKMARK [0][-]{chapter*.9}{\376\377\000\315\000n\000d\000i\000c\000e\000\040\000d\000e\000\040\000c\000u\000a\000d\000r\000o\000s}{}% 7
\BOOKMARK [0][-]{chapter.1}{\376\377\000I\000n\000t\000r\000o\000d\000u\000c\000c\000i\000\363\000n}{}% 8
\BOOKMARK [0][-]{chapter.2}{\376\377\000P\000l\000a\000n\000i\000f\000i\000c\000a\000c\000i\000\363\000n}{}% 9
\BOOKMARK [1][-]{section.2.1}{\376\377\000O\000b\000j\000e\000t\000i\000v\000o\000s}{chapter.2}% 10
\BOOKMARK [1][-]{section.2.2}{\376\377\000A\000l\000c\000a\000n\000c\000e}{chapter.2}% 11
\BOOKMARK [1][-]{section.2.3}{\376\377\000C\000r\000o\000n\000o\000g\000r\000a\000m\000a}{chapter.2}% 12
\BOOKMARK [0][-]{chapter.3}{\376\377\000H\000e\000r\000r\000a\000m\000i\000e\000n\000t\000a\000s\000\040\000u\000t\000i\000l\000i\000z\000a\000d\000a\000s}{}% 13
\BOOKMARK [1][-]{section.3.1}{\376\377\000I\000g\000n\000i\000t\000e}{chapter.3}% 14
\BOOKMARK [1][-]{section.3.2}{\376\377\000L\000i\000b\000r\000o\000s\000a}{chapter.3}% 15
\BOOKMARK [1][-]{section.3.3}{\376\377\000M\000a\000t\000p\000l\000o\000t\000l\000i\000b}{chapter.3}% 16
\BOOKMARK [1][-]{section.3.4}{\376\377\000N\000u\000s\000s\000l}{chapter.3}% 17
\BOOKMARK [1][-]{section.3.5}{\376\377\000O\000v\000e\000r\000l\000e\000a\000f}{chapter.3}% 18
\BOOKMARK [1][-]{section.3.6}{\376\377\000P\000y\000t\000o\000r\000c\000h}{chapter.3}% 19
\BOOKMARK [1][-]{section.3.7}{\376\377\000S\000t\000r\000e\000a\000m\000l\000i\000t}{chapter.3}% 20
\BOOKMARK [1][-]{section.3.8}{\376\377\000T\000o\000r\000c\000h\000a\000u\000d\000i\000o}{chapter.3}% 21
\BOOKMARK [0][-]{chapter.4}{\376\377\000M\000a\000r\000c\000o\000\040\000t\000e\000\363\000r\000i\000c\000o}{}% 22
\BOOKMARK [1][-]{section.4.1}{\376\377\000S\000o\000n\000i\000d\000o\000s\000\040\000y\000\040\000s\000e\000\361\000a\000l\000e\000s}{chapter.4}% 23
\BOOKMARK [2][-]{section*.10}{\376\377\000N\000a\000t\000u\000r\000a\000l\000e\000z\000a\000\040\000d\000e\000l\000\040\000s\000o\000n\000i\000d\000o}{section.4.1}% 24
\BOOKMARK [3][-]{section*.11}{\376\377\000O\000n\000d\000a\000s\000\040\000s\000o\000n\000o\000r\000a\000s}{section*.10}% 25
\BOOKMARK [3][-]{section*.13}{\376\377\000F\000r\000e\000c\000u\000e\000n\000c\000i\000a\000\040\000y\000\040\000t\000o\000n\000o}{section*.10}% 26
\BOOKMARK [3][-]{section*.14}{\376\377\000A\000m\000p\000l\000i\000t\000u\000d\000\040\000e\000\040\000i\000n\000t\000e\000n\000s\000i\000d\000a\000d}{section*.10}% 27
\BOOKMARK [2][-]{section*.15}{\376\377\000D\000o\000m\000i\000n\000i\000o\000\040\000t\000i\000e\000m\000p\000o\000\040\000f\000r\000e\000c\000u\000e\000n\000c\000i\000a}{section.4.1}% 28
\BOOKMARK [3][-]{section*.16}{\376\377\000M\000a\000g\000n\000i\000t\000u\000d\000\040\000y\000\040\000f\000a\000s\000e}{section*.15}% 29
\BOOKMARK [3][-]{section*.17}{\376\377\000S\000e\000\361\000a\000l\000e\000s\000\040\000m\000o\000n\000o\000\040\000y\000\040\000e\000s\000t\000\351\000r\000e\000o}{section*.15}% 30
\BOOKMARK [3][-]{section*.19}{\376\377\000S\000T\000F\000T\000s}{section*.15}% 31
\BOOKMARK [3][-]{section*.21}{\376\377\000E\000s\000p\000e\000c\000t\000r\000o\000g\000r\000a\000m\000a\000s}{section*.15}% 32
\BOOKMARK [2][-]{section*.23}{\376\377\000M\000e\000z\000c\000l\000a\000\040\000d\000e\000\040\000s\000e\000\361\000a\000l\000e\000s\000\040\000y\000\040\000s\000e\000p\000a\000r\000a\000c\000i\000\363\000n\000\040\000d\000e\000\040\000f\000u\000e\000n\000t\000e\000s}{section.4.1}% 33
\BOOKMARK [3][-]{section*.24}{\376\377\000M\000e\000z\000c\000l\000a\000s\000\040\000l\000i\000n\000e\000a\000l\000e\000s}{section*.23}% 34
\BOOKMARK [3][-]{section*.25}{\376\377\000M\000e\000z\000c\000l\000a\000s\000\040\000c\000o\000h\000e\000r\000e\000n\000t\000e\000s\000\040\000e\000\040\000i\000n\000c\000o\000h\000e\000r\000e\000n\000t\000e\000s}{section*.23}% 35
\BOOKMARK [3][-]{section*.26}{\376\377\000S\000e\000p\000a\000r\000a\000c\000i\000\363\000n\000\040\000c\000i\000e\000g\000a\000\040\000d\000e\000\040\000f\000u\000e\000n\000t\000e\000s}{section*.23}% 36
\BOOKMARK [2][-]{section*.27}{\376\377\000R\000e\000p\000r\000e\000s\000e\000n\000t\000a\000c\000i\000o\000n\000e\000s\000\040\000d\000i\000g\000i\000t\000a\000l\000e\000s}{section.4.1}% 37
\BOOKMARK [3][-]{section*.28}{\376\377\000F\000o\000r\000m\000a\000t\000o\000s\000\040\000d\000e\000l\000\040\000a\000u\000d\000i\000o}{section*.27}% 38
\BOOKMARK [3][-]{section*.29}{\376\377\000M\000u\000e\000s\000t\000r\000e\000o\000\040\000y\000\040\000c\000u\000a\000n\000t\000i\000z\000a\000c\000i\000\363\000n}{section*.27}% 39
\BOOKMARK [3][-]{section*.30}{\376\377\000T\000a\000s\000a\000\040\000d\000e\000\040\000m\000u\000e\000s\000t\000r\000e\000o}{section*.27}% 40
\BOOKMARK [1][-]{section.4.2}{\376\377\000A\000p\000r\000e\000n\000d\000i\000z\000a\000j\000e\000\040\000a\000u\000t\000o\000m\000\341\000t\000i\000c\000o}{chapter.4}% 41
\BOOKMARK [2][-]{section*.31}{\376\377\000C\000o\000n\000c\000e\000p\000t\000o\000s\000\040\000f\000u\000n\000d\000a\000m\000e\000n\000t\000a\000l\000e\000s}{section.4.2}% 42
\BOOKMARK [3][-]{section*.32}{\376\377\000A\000p\000r\000e\000n\000d\000i\000z\000a\000j\000e\000\040\000s\000u\000p\000e\000r\000v\000i\000s\000a\000d\000o\000\040\000v\000s\000\040\000n\000o\000\040\000s\000u\000p\000e\000r\000v\000i\000s\000a\000d\000o}{section*.31}% 43
\BOOKMARK [3][-]{section*.33}{\376\377\000O\000v\000e\000r\000f\000i\000t\000t\000i\000n\000g\000,\000\040\000u\000n\000d\000e\000r\000f\000i\000t\000t\000i\000n\000g\000\040\000y\000\040\000g\000e\000n\000e\000r\000a\000l\000i\000z\000a\000c\000i\000\363\000n}{section*.31}% 44
\BOOKMARK [3][-]{section*.34}{\376\377\000D\000a\000t\000a\000s\000e\000t}{section*.31}% 45
\BOOKMARK [2][-]{section*.35}{\376\377\000R\000N\000N\000s\000\040\000a\000r\000t\000i\000f\000i\000c\000i\000a\000l\000e\000s}{section.4.2}% 46
\BOOKMARK [3][-]{section*.36}{\376\377\000T\000i\000p\000o\000s\000\040\000d\000e\000\040\000r\000e\000d\000e\000s}{section*.35}% 47
\BOOKMARK [3][-]{section*.37}{\376\377\000O\000p\000t\000i\000m\000i\000z\000a\000c\000i\000\363\000n\000\040\000y\000\040\000d\000e\000s\000c\000e\000n\000s\000o\000\040\000d\000e\000\040\000g\000r\000a\000d\000i\000e\000n\000t\000e}{section*.35}% 48
\BOOKMARK [3][-]{section*.38}{\376\377\000N\000e\000u\000r\000o\000n\000a\000s\000,\000\040\000c\000a\000p\000a\000s\000\040\000y\000\040\000f\000u\000n\000c\000i\000o\000n\000e\000s\000\040\000d\000e\000\040\000a\000c\000t\000i\000v\000a\000c\000i\000\363\000n\000\040\000y\000\040\000p\000\351\000r\000d\000i\000d\000a}{section*.35}% 49
\BOOKMARK [2][-]{section*.39}{\376\377\000T\000\351\000c\000n\000i\000c\000a\000s\000\040\000d\000e\000\040\000e\000v\000a\000l\000u\000a\000c\000i\000\363\000n\000\040\000y\000\040\000m\000\351\000t\000r\000i\000c\000a\000s\000\040\000u\000t\000i\000l\000i\000z\000a\000d\000a\000s}{section.4.2}% 50
\BOOKMARK [3][-]{section*.40}{\376\377\000F\000u\000n\000c\000i\000o\000n\000e\000s\000\040\000d\000e\000\040\000p\000\351\000r\000d\000i\000d\000a}{section*.39}% 51
\BOOKMARK [3][-]{section*.41}{\376\377\000D\000a\000t\000a\000\040\000a\000u\000g\000m\000e\000n\000t\000a\000t\000i\000o\000n}{section*.39}% 52
\BOOKMARK [3][-]{section*.42}{\376\377\000M\000\351\000t\000r\000i\000c\000a\000s\000\040\000d\000e\000\040\000e\000v\000a\000l\000u\000a\000c\000i\000\363\000n}{section*.39}% 53
\BOOKMARK [2][-]{section*.43}{\376\377\000E\000s\000t\000a\000d\000o\000\040\000d\000e\000l\000\040\000a\000r\000t\000e}{section.4.2}% 54
\BOOKMARK [0][-]{chapter.5}{\376\377\000P\000a\000r\000t\000e\000\040\0001\000\040\000:\000\040\000s\000e\000p\000a\000r\000a\000c\000i\000\363\000n\000\040\000d\000e\000\040\000f\000u\000e\000n\000t\000e\000s}{}% 55
\BOOKMARK [1][-]{section.5.1}{\376\377\000D\000i\000s\000e\000\361\000o\000\040\000d\000e\000l\000\040\000m\000o\000d\000e\000l\000o}{chapter.5}% 56
\BOOKMARK [1][-]{section.5.2}{\376\377\000A\000r\000q\000u\000i\000t\000e\000c\000t\000u\000r\000a\000\040\000b\000a\000s\000e}{chapter.5}% 57
\BOOKMARK [1][-]{section.5.3}{\376\377\000M\000o\000d\000i\000f\000i\000c\000a\000c\000i\000o\000n\000e\000s\000\040\000p\000r\000o\000p\000u\000e\000s\000t\000a\000s}{chapter.5}% 58
\BOOKMARK [2][-]{section*.44}{\376\377\000A\000r\000q\000u\000i\000t\000e\000c\000t\000u\000r\000a\000\040\000y\000\040\000p\000a\000r\000\341\000m\000e\000t\000r\000o\000s}{section.5.3}% 59
\BOOKMARK [2][-]{section*.45}{\376\377\000F\000u\000n\000c\000i\000\363\000n\000\040\000d\000e\000\040\000p\000\351\000r\000d\000i\000d\000a\000:\000\040\000D\000e\000e\000p\000-\000f\000e\000a\000t\000u\000r\000e\000-\000E\000M\000D}{section.5.3}% 60
\BOOKMARK [1][-]{section.5.4}{\376\377\000C\000o\000n\000f\000i\000g\000u\000r\000a\000c\000i\000\363\000n\000\040\000d\000e\000\040\000e\000n\000t\000r\000e\000n\000a\000m\000i\000e\000n\000t\000o}{chapter.5}% 61
\BOOKMARK [2][-]{section*.46}{\376\377\000I\000n\000p\000u\000t\000s\000\040\000y\000\040\000t\000a\000r\000g\000e\000t\000s}{section.5.4}% 62
\BOOKMARK [2][-]{section*.47}{\376\377\000T\000F\000M\000s\000\040\000a\000p\000l\000i\000c\000a\000d\000a\000s}{section.5.4}% 63
\BOOKMARK [2][-]{section*.48}{\376\377\000D\000a\000t\000a\000\040\000a\000u\000g\000m\000e\000n\000t\000a\000t\000i\000o\000n}{section.5.4}% 64
\BOOKMARK [2][-]{section*.49}{\376\377\000P\000r\000e\000p\000r\000o\000c\000e\000s\000a\000d\000o\000\040\000d\000e\000\040\000u\000n\000\040\000d\000a\000t\000a\000s\000e\000t}{section.5.4}% 65
\BOOKMARK [1][-]{section.5.5}{\376\377\000E\000n\000t\000r\000e\000n\000a\000m\000i\000e\000n\000t\000o\000\040\000d\000e\000l\000\040\000m\000o\000d\000e\000l\000o}{chapter.5}% 66
\BOOKMARK [2][-]{section*.50}{\376\377\000R\000e\000s\000u\000l\000t\000a\000d\000o\000s\000\040\000p\000r\000e\000l\000i\000m\000i\000n\000a\000r\000e\000s\000\040\000y\000\040\000e\000x\000p\000e\000r\000i\000m\000e\000n\000t\000a\000l\000e\000s}{section.5.5}% 67
\BOOKMARK [2][-]{section*.51}{\376\377\000C\000o\000m\000p\000a\000r\000a\000t\000i\000v\000a\000s}{section.5.5}% 68
\BOOKMARK [0][-]{chapter.6}{\376\377\000P\000a\000r\000t\000e\000\040\0002\000\040\000:\000\040\000i\000n\000t\000e\000r\000f\000a\000z}{}% 69
\BOOKMARK [1][-]{section.6.1}{\376\377\000O\000b\000j\000e\000t\000i\000v\000o\000s}{chapter.6}% 70
\BOOKMARK [2][-]{section*.52}{\376\377\000I\000n\000t\000e\000r\000a\000c\000c\000i\000\363\000n\000\040\000y\000\040\000a\000p\000r\000e\000n\000d\000i\000z\000a\000j\000e}{section.6.1}% 71
\BOOKMARK [1][-]{section.6.2}{\376\377\000D\000i\000s\000e\000\361\000o\000\040\000d\000e\000\040\000e\000x\000p\000e\000r\000i\000e\000n\000c\000i\000a\000\040\000d\000e\000\040\000u\000s\000u\000a\000r\000i\000o}{chapter.6}% 72
\BOOKMARK [2][-]{section*.53}{\376\377\000O\000r\000g\000a\000n\000i\000z\000a\000c\000i\000\363\000n\000\040\000y\000\040\000v\000i\000s\000u\000a\000l\000i\000z\000a\000c\000i\000\363\000n}{section.6.2}% 73
\BOOKMARK [2][-]{section*.54}{\376\377\000E\000x\000p\000l\000i\000c\000a\000c\000i\000o\000n\000e\000s\000\040\000y\000\040\000g\000u\000\355\000a\000s}{section.6.2}% 74
\BOOKMARK [1][-]{section.6.3}{\376\377\000C\000a\000s\000o\000s\000\040\000d\000e\000\040\000u\000s\000o}{chapter.6}% 75
\BOOKMARK [2][-]{section*.55}{\376\377\000E\000n\000t\000r\000e\000n\000a\000m\000i\000e\000n\000t\000o\000\040\000p\000a\000r\000a\000m\000e\000t\000r\000i\000z\000a\000b\000l\000e}{section.6.3}% 76
\BOOKMARK [2][-]{section*.56}{\376\377\000P\000a\000r\000\341\000m\000e\000t\000r\000o\000s\000\040\000p\000r\000i\000n\000c\000i\000p\000a\000l\000e\000s\000\040\000a\000j\000u\000s\000t\000a\000b\000l\000e\000s}{section.6.3}% 77
\BOOKMARK [2][-]{section*.57}{\376\377\000V\000i\000s\000u\000a\000l\000i\000z\000a\000c\000i\000\363\000n\000\040\000d\000e\000\040\000g\000r\000\341\000f\000i\000c\000o\000s\000\040\000y\000\040\000e\000s\000p\000e\000c\000t\000r\000o\000g\000r\000a\000m\000a\000s}{section.6.3}% 78
\BOOKMARK [2][-]{section*.58}{\376\377\000F\000e\000e\000d\000b\000a\000c\000k}{section.6.3}% 79
\BOOKMARK [0][-]{chapter.7}{\376\377\000I\000n\000t\000e\000g\000r\000a\000c\000i\000\363\000n\000\040\000d\000e\000l\000\040\000s\000i\000s\000t\000e\000m\000a}{}% 80
\BOOKMARK [1][-]{section*.59}{\376\377\000B\000a\000c\000k\000e\000n\000d}{chapter.7}% 81
\BOOKMARK [2][-]{section*.60}{\376\377\000C\000o\000m\000u\000n\000i\000c\000a\000c\000i\000\363\000n\000\040\000e\000n\000t\000r\000e\000\040\000m\000\363\000d\000u\000l\000o\000s}{section*.59}% 82
\BOOKMARK [0][-]{chapter.8}{\376\377\000E\000v\000a\000l\000u\000a\000c\000i\000\363\000n\000\040\000d\000e\000l\000\040\000s\000i\000s\000t\000e\000m\000a}{}% 83
\BOOKMARK [1][-]{section*.61}{\376\377\000M\000\351\000t\000r\000i\000c\000a\000s\000\040\000u\000t\000i\000l\000i\000z\000a\000d\000a\000s}{chapter.8}% 84
\BOOKMARK [2][-]{section*.62}{\376\377\000R\000e\000s\000u\000l\000t\000a\000d\000o\000s\000\040\000o\000b\000t\000e\000n\000i\000d\000o\000s}{section*.61}% 85
\BOOKMARK [2][-]{section*.63}{\376\377\000D\000i\000s\000c\000u\000s\000i\000\363\000n\000\040\000y\000\040\000a\000n\000\341\000l\000i\000s\000i\000s}{section*.61}% 86
\BOOKMARK [2][-]{section*.64}{\376\377\000L\000i\000m\000i\000t\000a\000c\000i\000o\000n\000e\000s\000\040\000y\000\040\000m\000a\000r\000g\000e\000n\000\040\000d\000e\000\040\000m\000e\000j\000o\000r\000a}{section*.61}% 87
\BOOKMARK [0][-]{chapter.9}{\376\377\000C\000o\000n\000c\000l\000u\000s\000i\000o\000n\000e\000s\000\040\000y\000\040\000t\000r\000a\000b\000a\000j\000o\000\040\000f\000u\000t\000u\000r\000o}{}% 88
\BOOKMARK [1][-]{section*.65}{\376\377\000S\000\355\000n\000t\000e\000s\000i\000s\000\040\000d\000e\000l\000\040\000t\000r\000a\000b\000a\000j\000o\000\040\000r\000e\000a\000l\000i\000z\000a\000d\000o}{chapter.9}% 89
\BOOKMARK [2][-]{section*.66}{\376\377\000L\000i\000n\000e\000a\000s\000\040\000d\000e\000\040\000m\000e\000j\000o\000r\000a}{section*.65}% 90
\BOOKMARK [2][-]{section*.67}{\376\377\000T\000r\000a\000b\000a\000j\000o\000\040\000f\000u\000t\000u\000r\000o}{section*.65}% 91
\BOOKMARK [0][-]{chapter.10}{\376\377\000A\000n\000e\000x\000o\000s}{}% 92
\BOOKMARK [1][-]{section*.68}{\376\377\000C\000\363\000d\000i\000g\000o\000\040\000r\000e\000l\000e\000v\000a\000n\000t\000e}{chapter.10}% 93
\BOOKMARK [2][-]{section*.69}{\376\377\000C\000o\000n\000f\000i\000g\000u\000r\000a\000c\000i\000o\000n\000e\000s}{section*.68}% 94
\BOOKMARK [2][-]{section*.70}{\376\377\000I\000n\000s\000t\000r\000u\000c\000c\000i\000o\000n\000e\000s\000\040\000p\000o\000s\000i\000b\000l\000e\000s}{section*.68}% 95
\BOOKMARK [2][-]{section*.71}{\376\377\000R\000e\000s\000u\000l\000t\000a\000d\000o\000s\000\040\000a\000d\000i\000c\000i\000o\000n\000a\000l\000e\000s}{section*.68}% 96
\BOOKMARK [0][-]{section*.75}{\376\377\000B\000i\000b\000l\000i\000o\000g\000r\000a\000f\000\355\000a}{}% 97
